// Vitest Snapshot v1, https://vitest.dev/guide/snapshot.html

exports[`lexer > should tokenize fixtures ./tests/fixtures/symbols.txt 1`] = `
[
  Token {
    "type": "Symbol",
    "value": "!",
  },
  Token {
    "type": "Symbol",
    "value": "@",
  },
  Token {
    "type": "Symbol",
    "value": "#",
  },
  Token {
    "type": "Symbol",
    "value": "$",
  },
  Token {
    "type": "Symbol",
    "value": "%",
  },
  Token {
    "type": "Symbol",
    "value": "^",
  },
  Token {
    "type": "Symbol",
    "value": "&",
  },
  Token {
    "type": "Symbol",
    "value": "*",
  },
  Token {
    "type": "Symbol",
    "value": "(",
  },
  Token {
    "type": "Symbol",
    "value": ")",
  },
  Token {
    "type": "Symbol",
    "value": "_",
  },
  Token {
    "type": "Symbol",
    "value": "+",
  },
  Token {
    "type": "Symbol",
    "value": "-",
  },
  Token {
    "type": "Symbol",
    "value": "=",
  },
  Token {
    "type": "Symbol",
    "value": "[",
  },
  Token {
    "type": "Symbol",
    "value": "]",
  },
  Token {
    "type": "Symbol",
    "value": "{",
  },
  Token {
    "type": "Symbol",
    "value": "}",
  },
  Token {
    "type": "Symbol",
    "value": ";",
  },
  Token {
    "type": "Symbol",
    "value": "'",
  },
  Token {
    "type": "Symbol",
    "value": ":",
  },
  Token {
    "type": "Symbol",
    "value": "\\"",
  },
  Token {
    "type": "Symbol",
    "value": ",",
  },
  Token {
    "type": "Symbol",
    "value": ".",
  },
  Token {
    "type": "Symbol",
    "value": "/",
  },
  Token {
    "type": "Symbol",
    "value": "<",
  },
  Token {
    "type": "Symbol",
    "value": ">",
  },
  Token {
    "type": "Symbol",
    "value": "?",
  },
  Token {
    "type": "EndOfFile",
    "value": "",
  },
]
`;

exports[`lexer > should tokenize fixtures ./tests/fixtures/text.txt 1`] = `
[
  Token {
    "type": "Word",
    "value": "Lorem",
  },
  Token {
    "type": "WhiteSpace",
    "value": " ",
  },
  Token {
    "type": "Word",
    "value": "ipsum",
  },
  Token {
    "type": "WhiteSpace",
    "value": " ",
  },
  Token {
    "type": "Word",
    "value": "dolor",
  },
  Token {
    "type": "WhiteSpace",
    "value": " ",
  },
  Token {
    "type": "Word",
    "value": "sit",
  },
  Token {
    "type": "WhiteSpace",
    "value": " ",
  },
  Token {
    "type": "Word",
    "value": "amet",
  },
  Token {
    "type": "Symbol",
    "value": ",",
  },
  Token {
    "type": "WhiteSpace",
    "value": " ",
  },
  Token {
    "type": "Word",
    "value": "consectetur",
  },
  Token {
    "type": "WhiteSpace",
    "value": " ",
  },
  Token {
    "type": "Word",
    "value": "adipiscing",
  },
  Token {
    "type": "WhiteSpace",
    "value": " ",
  },
  Token {
    "type": "Word",
    "value": "elit",
  },
  Token {
    "type": "Symbol",
    "value": ".",
  },
  Token {
    "type": "BreakLine",
    "value": "
",
  },
  Token {
    "type": "BreakLine",
    "value": "
",
  },
  Token {
    "type": "Word",
    "value": "Fusce",
  },
  Token {
    "type": "WhiteSpace",
    "value": " ",
  },
  Token {
    "type": "Word",
    "value": "varius",
  },
  Token {
    "type": "WhiteSpace",
    "value": " ",
  },
  Token {
    "type": "Word",
    "value": "vestibulum",
  },
  Token {
    "type": "WhiteSpace",
    "value": " ",
  },
  Token {
    "type": "Word",
    "value": "velit",
  },
  Token {
    "type": "Symbol",
    "value": ",",
  },
  Token {
    "type": "WhiteSpace",
    "value": " ",
  },
  Token {
    "type": "Word",
    "value": "ut",
  },
  Token {
    "type": "WhiteSpace",
    "value": " ",
  },
  Token {
    "type": "Word",
    "value": "lobortis",
  },
  Token {
    "type": "WhiteSpace",
    "value": " ",
  },
  Token {
    "type": "Word",
    "value": "massa",
  },
  Token {
    "type": "WhiteSpace",
    "value": " ",
  },
  Token {
    "type": "Word",
    "value": "sagittis",
  },
  Token {
    "type": "WhiteSpace",
    "value": " ",
  },
  Token {
    "type": "Word",
    "value": "at",
  },
  Token {
    "type": "Symbol",
    "value": ".",
  },
  Token {
    "type": "BreakLine",
    "value": "
",
  },
  Token {
    "type": "BreakLine",
    "value": "
",
  },
  Token {
    "type": "Word",
    "value": "Orci",
  },
  Token {
    "type": "WhiteSpace",
    "value": " ",
  },
  Token {
    "type": "Word",
    "value": "varius",
  },
  Token {
    "type": "WhiteSpace",
    "value": " ",
  },
  Token {
    "type": "Word",
    "value": "natoque",
  },
  Token {
    "type": "WhiteSpace",
    "value": " ",
  },
  Token {
    "type": "Word",
    "value": "penatibus",
  },
  Token {
    "type": "WhiteSpace",
    "value": " ",
  },
  Token {
    "type": "Word",
    "value": "et",
  },
  Token {
    "type": "WhiteSpace",
    "value": " ",
  },
  Token {
    "type": "Word",
    "value": "magnis",
  },
  Token {
    "type": "WhiteSpace",
    "value": " ",
  },
  Token {
    "type": "Word",
    "value": "dis",
  },
  Token {
    "type": "WhiteSpace",
    "value": " ",
  },
  Token {
    "type": "Word",
    "value": "parturient",
  },
  Token {
    "type": "WhiteSpace",
    "value": " ",
  },
  Token {
    "type": "Word",
    "value": "montes",
  },
  Token {
    "type": "Symbol",
    "value": ",",
  },
  Token {
    "type": "WhiteSpace",
    "value": " ",
  },
  Token {
    "type": "Word",
    "value": "nascetur",
  },
  Token {
    "type": "WhiteSpace",
    "value": " ",
  },
  Token {
    "type": "Word",
    "value": "ridiculus",
  },
  Token {
    "type": "WhiteSpace",
    "value": " ",
  },
  Token {
    "type": "Word",
    "value": "mus",
  },
  Token {
    "type": "Symbol",
    "value": ".",
  },
  Token {
    "type": "WhiteSpace",
    "value": " ",
  },
  Token {
    "type": "Word",
    "value": "Nullam",
  },
  Token {
    "type": "WhiteSpace",
    "value": " ",
  },
  Token {
    "type": "Word",
    "value": "imperdiet",
  },
  Token {
    "type": "WhiteSpace",
    "value": " ",
  },
  Token {
    "type": "Word",
    "value": "tincidunt",
  },
  Token {
    "type": "WhiteSpace",
    "value": " ",
  },
  Token {
    "type": "Word",
    "value": "posuere",
  },
  Token {
    "type": "Symbol",
    "value": ".",
  },
  Token {
    "type": "BreakLine",
    "value": "
",
  },
  Token {
    "type": "BreakLine",
    "value": "
",
  },
  Token {
    "type": "Word",
    "value": "Aliquam",
  },
  Token {
    "type": "WhiteSpace",
    "value": " ",
  },
  Token {
    "type": "Word",
    "value": "et",
  },
  Token {
    "type": "WhiteSpace",
    "value": " ",
  },
  Token {
    "type": "Word",
    "value": "neque",
  },
  Token {
    "type": "WhiteSpace",
    "value": " ",
  },
  Token {
    "type": "Word",
    "value": "a",
  },
  Token {
    "type": "WhiteSpace",
    "value": " ",
  },
  Token {
    "type": "Word",
    "value": "augue",
  },
  Token {
    "type": "WhiteSpace",
    "value": " ",
  },
  Token {
    "type": "Word",
    "value": "iaculis",
  },
  Token {
    "type": "WhiteSpace",
    "value": " ",
  },
  Token {
    "type": "Word",
    "value": "luctus",
  },
  Token {
    "type": "WhiteSpace",
    "value": " ",
  },
  Token {
    "type": "Word",
    "value": "rutrum",
  },
  Token {
    "type": "WhiteSpace",
    "value": " ",
  },
  Token {
    "type": "Word",
    "value": "vel",
  },
  Token {
    "type": "WhiteSpace",
    "value": " ",
  },
  Token {
    "type": "Word",
    "value": "ipsum",
  },
  Token {
    "type": "Symbol",
    "value": ".",
  },
  Token {
    "type": "BreakLine",
    "value": "
",
  },
  Token {
    "type": "BreakLine",
    "value": "
",
  },
  Token {
    "type": "Word",
    "value": "Integer",
  },
  Token {
    "type": "WhiteSpace",
    "value": " ",
  },
  Token {
    "type": "Word",
    "value": "aliquam",
  },
  Token {
    "type": "WhiteSpace",
    "value": " ",
  },
  Token {
    "type": "Word",
    "value": "nibh",
  },
  Token {
    "type": "WhiteSpace",
    "value": " ",
  },
  Token {
    "type": "Word",
    "value": "non",
  },
  Token {
    "type": "WhiteSpace",
    "value": " ",
  },
  Token {
    "type": "Word",
    "value": "scelerisque",
  },
  Token {
    "type": "WhiteSpace",
    "value": " ",
  },
  Token {
    "type": "Word",
    "value": "viverra",
  },
  Token {
    "type": "Symbol",
    "value": ".",
  },
  Token {
    "type": "BreakLine",
    "value": "
",
  },
  Token {
    "type": "BreakLine",
    "value": "
",
  },
  Token {
    "type": "Word",
    "value": "Cras",
  },
  Token {
    "type": "WhiteSpace",
    "value": " ",
  },
  Token {
    "type": "Word",
    "value": "at",
  },
  Token {
    "type": "WhiteSpace",
    "value": " ",
  },
  Token {
    "type": "Word",
    "value": "semper",
  },
  Token {
    "type": "WhiteSpace",
    "value": " ",
  },
  Token {
    "type": "Word",
    "value": "urna",
  },
  Token {
    "type": "Symbol",
    "value": ".",
  },
  Token {
    "type": "BreakLine",
    "value": "
",
  },
  Token {
    "type": "BreakLine",
    "value": "
",
  },
  Token {
    "type": "Word",
    "value": "Proin",
  },
  Token {
    "type": "WhiteSpace",
    "value": " ",
  },
  Token {
    "type": "Word",
    "value": "nibh",
  },
  Token {
    "type": "WhiteSpace",
    "value": " ",
  },
  Token {
    "type": "Word",
    "value": "odio",
  },
  Token {
    "type": "Symbol",
    "value": ",",
  },
  Token {
    "type": "WhiteSpace",
    "value": " ",
  },
  Token {
    "type": "Word",
    "value": "feugiat",
  },
  Token {
    "type": "WhiteSpace",
    "value": " ",
  },
  Token {
    "type": "Word",
    "value": "ullamcorper",
  },
  Token {
    "type": "WhiteSpace",
    "value": " ",
  },
  Token {
    "type": "Word",
    "value": "est",
  },
  Token {
    "type": "WhiteSpace",
    "value": " ",
  },
  Token {
    "type": "Word",
    "value": "vitae",
  },
  Token {
    "type": "Symbol",
    "value": ",",
  },
  Token {
    "type": "WhiteSpace",
    "value": " ",
  },
  Token {
    "type": "Word",
    "value": "vestibulum",
  },
  Token {
    "type": "WhiteSpace",
    "value": " ",
  },
  Token {
    "type": "Word",
    "value": "hendrerit",
  },
  Token {
    "type": "WhiteSpace",
    "value": " ",
  },
  Token {
    "type": "Word",
    "value": "nulla",
  },
  Token {
    "type": "Symbol",
    "value": ".",
  },
  Token {
    "type": "BreakLine",
    "value": "
",
  },
  Token {
    "type": "BreakLine",
    "value": "
",
  },
  Token {
    "type": "Word",
    "value": "Fusce",
  },
  Token {
    "type": "WhiteSpace",
    "value": " ",
  },
  Token {
    "type": "Word",
    "value": "lacinia",
  },
  Token {
    "type": "WhiteSpace",
    "value": " ",
  },
  Token {
    "type": "Word",
    "value": "sapien",
  },
  Token {
    "type": "WhiteSpace",
    "value": " ",
  },
  Token {
    "type": "Word",
    "value": "at",
  },
  Token {
    "type": "WhiteSpace",
    "value": " ",
  },
  Token {
    "type": "Word",
    "value": "lorem",
  },
  Token {
    "type": "WhiteSpace",
    "value": " ",
  },
  Token {
    "type": "Word",
    "value": "mattis",
  },
  Token {
    "type": "WhiteSpace",
    "value": " ",
  },
  Token {
    "type": "Word",
    "value": "fringilla",
  },
  Token {
    "type": "Symbol",
    "value": ".",
  },
  Token {
    "type": "EndOfFile",
    "value": "",
  },
]
`;
